Resolving dependencies...
Downloading packages...
  _fe_analyzer_shared 99.0.0 (105.0.0 available)
  analyzer 12.1.0 (14.1.0 available)
  flutter_secure_storage_darwin 0.3.2 (0.4.0 available)
  hooks 2.0.2 (2.1.0 available)
  image 4.8.0 (4.9.1 available)
  intl 0.20.2 (0.20.3 available)
  listen 1.0.0-beta.4 (1.0.1 available)
  matcher 0.12.19 (0.12.20 available)
  meta 1.18.0 (1.19.0 available)
  package_config 2.2.0 (3.0.0 available)
  record_use 0.6.0 (1.0.0 available)
  test 1.31.0 (1.31.2 available)
  test_api 0.7.11 (0.7.13 available)
  test_core 0.6.17 (0.6.19 available)
  vector_math 2.2.0 (2.4.2 available)
  xml 6.6.1 (7.0.1 available)
Got dependencies!
16 packages have newer versions incompatible with dependency constraints.
Try `flutter pub outdated` for more information.
Analyzing mosh-flutter...                                       
No issues found! (ran in 9.0s)
